// Jest Snapshot v1, https://goo.gl/fbAQLP

exports[`Component to test Render flyout 1`] = `
<div>
  <button
    aria-expanded="true"
    class="fui-Button rsawnvh"
    data-tabster="{\\"deloser\\":{}}"
    role="button"
    tabindex="0"
    type="button"
  >
    Open
  </button>
  <span
    hidden=""
  />
</div>
`;
